#-----------------------------------------------------------
# Webtalk v2018.3 (64-bit)
# SW Build 2405991 on Thu Dec  6 23:38:27 MST 2018
# IP Build 2404404 on Fri Dec  7 01:43:56 MST 2018
# Start of session at: Sat May 21 18:14:33 2022
# Process ID: 1456
# Current directory: D:/Documents/Github/sailinglove/personal-general/Vivado/EE_BasicExpr/Lab9r/Lab9r.sim/sim_1/behav/xsim
# Command line: wbtcv.exe -mode batch -source D:/Documents/Github/sailinglove/personal-general/Vivado/EE_BasicExpr/Lab9r/Lab9r.sim/sim_1/behav/xsim/xsim.dir/top_tb_behav/webtalk/xsim_webtalk.tcl -notrace
# Log file: D:/Documents/Github/sailinglove/personal-general/Vivado/EE_BasicExpr/Lab9r/Lab9r.sim/sim_1/behav/xsim/webtalk.log
# Journal file: D:/Documents/Github/sailinglove/personal-general/Vivado/EE_BasicExpr/Lab9r/Lab9r.sim/sim_1/behav/xsim\webtalk.jou
#-----------------------------------------------------------
source D:/Documents/Github/sailinglove/personal-general/Vivado/EE_BasicExpr/Lab9r/Lab9r.sim/sim_1/behav/xsim/xsim.dir/top_tb_behav/webtalk/xsim_webtalk.tcl -notrace
